// Jest Snapshot v1, https://goo.gl/fbAQLP

exports[`PaymentMethods container matches snapshot 1`] = `
<div
  className="sc-bdVaJa cZdAbv"
>
  <div
    className="sc-bwzfXH gmciWy"
  >
    <h1>
      Payment Methods
      <button
        className="sc-dnqmqq fSRbzf"
        onClick={[Function]}
      >
        <svg>
          SyncIcon.svg
        </svg>
      </button>
    </h1>
    <h2>
      Click to expand and view payment method details
    </h2>
    <ul
      className="sc-ifAKCX kxovTQ"
    />
  </div>
</div>
`;

exports[`Payments component matches snapshot 1`] = `
<div
  className="sc-bdVaJa cZdAbv"
>
  <div
    className="sc-bwzfXH gmciWy"
  >
    <h1>
      Payment Methods
      <button
        className="sc-dnqmqq fSRbzf"
        onClick={[Function]}
      >
        <svg>
          SyncIcon.svg
        </svg>
      </button>
    </h1>
    <h2>
      Click to expand and view payment method details
    </h2>
    <ul
      className="sc-ifAKCX kxovTQ"
    />
  </div>
</div>
`;
