// Jest Snapshot v1, https://goo.gl/fbAQLP

exports[`PaymentMethodItem component matches snapshot 1`] = `
<li
  className="sc-EHOje jJKfMq"
>
  <div
    className="sc-bZQynM ftWVEo"
  >
    <span
      className="sc-gzVnrw dwvxdF"
    >
      0
    </span>
    <span
      className="sc-htoDjs itHVYD"
    >
      
    </span>
  </div>
  <div
    className="sc-bZQynM ftWVEo"
  >
    <span
      className="sc-gzVnrw dwvxdF"
      data-test-id="reference-title"
    >
      Empty reference
    </span>
    <span
      className="sc-htoDjs itHVYD"
    >
      Today
    </span>
  </div>
  <div
    className="sc-bZQynM ftWVEo"
  >
    <button
      className="sc-dnqmqq dmmmCr"
      onClick={[Function]}
    >
      <svg
        className="sc-gZMcBi gxeeSH"
      >
        DeleteIcon.svg
      </svg>
    </button>
    <button
      className="sc-dnqmqq fSRbzf"
      data-test-id="expand-button"
      onClick={[Function]}
    >
      <svg
        className=""
      >
        DownIcon.svg
      </svg>
    </button>
  </div>
</li>
`;
